Link Date:	Mon Jan 25 16:23:47 2010
Host OS:	GHS_WIN32
Version:	ELXR 4.0 (c) 1998-2003 Green Hills Software    Build: Mar 24 2006


Load Map Mon Jan 25 16:23:47 2010
Image Summary

  Section              Base      Size(hex)    Size(dec)  SecOffs
  .picbase             02000000  00000000            0   00001a0
  .text                02000000  00003288        12936   00001a0
  .syscall             02003288  00000008            8   0003428
  .intercall           02003290  00000000            0   0003430
  .interfunc           02003290  00000004            4   0003430
  .fixaddr             02003294  00000020           32   0003434
  .fixtype             020032b4  00000008            8   0003454
  .rodata              020032bc  000001fc          508   000345c
  .secinfo             020034b8  00000018           24   0003658
  .pidbase             020034d0  00000000            0   0003670
  .sdabase             020034d0  00000000            0   0003670
  .sbss                020034d0  00000000            0   0003670
  .sdata               020034d0  00000000            0   0003670
  .data                020034d0  000000ec          236   0003670
  .bss                 020035bc  00000768         1896   000375c
  .heap                02003d30  00007800        30720   0003768
  .stack               0200b530  00007800        30720   0003768

Load Map Mon Jan 25 16:23:47 2010
Module Summary

  Origin+Size    Section          Module
02000000+0000a8  .text            crt0.o
020000a8+000030  .text            wait_irq.o
020000d8+00025c  .text            main.o
020034d0+000014  .data            main.o
020032bc+0000f5  .rodata          main.o
02000334+000020  .text            libmulti.a
020034e4+000004  .data            libmulti.a
020034e8+000008  .data            m55800_lib16.a(lib_m55800.o)
020033b4+000104  .rodata          m55800_lib16.a(lib_m55800.o)
02000354+000100  .text            m55800_lib16.a(lib_pio.o)
02000454+000108  .text            m55800_lib16.a(lib_apmc55800.o)
0200055c+000006  .text            m55800_lib16.a(lib_err.o)
02000564+0000fc  .text            libansi.a(ccfscanf.o)
02000660+0008f4  .text            libansi.a(ccscanf.o)
020034f0+00004b  .data            libansi.a(ccscanf.o)
02000f54+000028  .text            libansi.a(ccprintf.o)
02000f7c+0000fc  .text            libansi.a(ccflock.o)
02001078+000010  .text            libansi.a(ccfgetc.o)
02001088+0000d0  .text            libansi.a(ccvprntf.o)
02001158+000150  .text            libansi.a(ccungetc.o)
020035bc+000008  .bss             libansi.a(ccungetc.o)
020012a8+000030  .text            libansi.a(ccputcu.o)
020012d8+00004c  .text            libansi.a(ccgetc.o)
02001324+0000f0  .text            libansi.a(ccflsbuf.o)
02001414+000100  .text            libansi.a(ccfilbuf.o)
02001514+0000f4  .text            libansi.a(ccfflush.o)
02001608+00003c  .text            libansi.a(ccclnup.o)
02001644+0004e4  .text            libansi.a(ccmalloc.o)
020035c4+000024  .bss             libansi.a(ccmalloc.o)
02001b28+0000d0  .text            libansi.a(ccatexit.o)
020035e8+000098  .bss             libansi.a(ccatexit.o)
02001bf8+000710  .text            libansi.a(ccvsprnt.o)
0200353c+00005c  .data            libansi.a(ccvsprnt.o)
02002308+0000d8  .text            libansi.a(ccfclose.o)
020023e0+000018  .text            libansi.a(ccstrlen.o)
020023f8+0000b0  .text            libstartup.a(ind_mset.o)
020024a8+000240  .text            libstartup.a(ind_mcpy.o)
020026e8+000400  .text            libstartup.a(ind_crt0.o)
02002ae8+0000d8  .text            libstartup.a(ind_uzip.o)
02002bc0+000148  .text            libsys.a(ind_thrd.o)
02002d08+0000a8  .text            libsys.a(ind_iob.o)
02003598+000002  .data            libsys.a(ind_iob.o)
02002db0+00006c  .text            libsys.a(ind_heap.o)
02003680+000004  .bss             libsys.a(ind_heap.o)
02002e1c+0000d8  .text            libsys.a(ind_exit.o)
0200359c+000004  .data            libsys.a(ind_exit.o)
02003684+000004  .bss             libsys.a(ind_exit.o)
02003294+000004  .fixaddr         libsys.a(ind_exit.o)
020032b4+000001  .fixtype         libsys.a(ind_exit.o)
02002ef4+00007c  .text            libsys.a(ind_errn.o)
02003288+000008  .syscall         libsys.a(ind_dots.o)
02002f70+000020  .text            libsys.a(ind_call.o)
02002f90+000184  .text            libsys.a(ind_io.o)
02003114+0000ec  .text            libsys.a(ind_crt1.o)
020035a0+00001c  .data            libsys.a(ind_crt1.o)
02003298+00001c  .fixaddr         libsys.a(ind_crt1.o)
020032b5+000007  .fixtype         libsys.a(ind_crt1.o)
02003200+00005c  .text            libarch.a(indbsch2.o)
0200325c+00002c  .text            libarch.a(indarchj.o)
02003290+000004  .interfunc       libarch.a(indarch4.o)

Load Map Mon Jan 25 16:23:47 2010
Global Symbols (sorted alphabetically)

 .rodata          020034a0 ADC0_DESC
 .rodata          020034a8 ADC1_DESC
 .rodata          02003490 DAC0_DESC
 .rodata          02003498 DAC1_DESC
 .text            02002ed8 DefaultSignalHandler
 .rodata          020033f4 FIQ_DESC
 .text            02002c1c GetThreadLocalStorage
 .bss             02003804 GlobalTLS
 .rodata          020033c4 IRQ0_DESC
 .rodata          020033cc IRQ1_DESC
 .rodata          020033d4 IRQ2_DESC
 .rodata          020033dc IRQ3_DESC
 .rodata          020033e4 IRQ4_DESC
 .rodata          020033ec IRQ5_DESC
 .bss             02003688 LedSpeed
 .rodata          020033b4 PIOA_DESC
 .rodata          020033bc PIOB_DESC
 .data            020034e8 Pioa
 .data            020034ec Piob
 .rodata          020034b0 RTC_DESC
 .rodata          02003480 SPI_DESC
 .rodata          02003420 TC0_DESC
 .rodata          0200342c TC1_DESC
 .rodata          02003438 TC2_DESC
 .rodata          02003444 TC3_DESC
 .rodata          02003450 TC4_DESC
 .rodata          0200345c TC5_DESC
 .rodata          02003468 TCB0_DESC
 .rodata          02003474 TCB1_DESC
 .rodata          020033fc USART0_DESC
 .rodata          02003408 USART1_DESC
 .rodata          02003414 USART2_DESC
                  00000000 __alt_init
 .text            02001b28 __atexit_cleanup_func
                  00000000 __cpp_exception_cleanup
                  00000000 __cpp_exception_init
 .syscall         02003288 __dotsyscall
 .text            02002bfc __get_eh_globals
 .data            02003598 __gh_FOPEN_MAX
 .text            02002ef4 __gh_errno_ptr
                  00000000 __gh_error_init
 .text            02002308 __gh_fclose
                  00000000 __gh_float_printf
                  00000000 __gh_float_scanf
 .text            02000660 __gh_gchar
 .text            02002f50 __gh_get_errno
 .text            02001cf0 __gh_hexout
 .text            02002d40 __gh_iob_init
 .text            02002c60 __gh_lock_init
                  00000000 __gh_long_long_printf
 .text            02001ca0 __gh_octhex_finish
 .text            02002f2c __gh_set_errno
                  00000000 __gh_signal_init
 .text            02001d2c __gh_strout
 .text            0200068c __gh_uchar
                  00000000 __gh_uns_long_long_printf
 .text            02001e68 __gh_vsprintf
 .text            02001bf8 __gh_xxdecout
 .interfunc       02003290 __ghsArmBLR
 .text            020003e0 __ghsINTERAat91_pio_read
 .text            02002c38 __ghsLock
 .text            02002c4c __ghsUnlock
 .text            02002bc0 __ghs_GetThreadLocalStorageItem
 .text            02002c8c __ghs_RestoreSignalContext
 .text            02002c74 __ghs_SaveSignalContext
 .text            02002ea8 __ghs_at_exit
                  00000000 __ghs_board_init
 .text            02003200 __ghs_bsearch_16
                  00000000 __ghs_checksum
 .text            02002ae8 __ghs_decompress
 .text            02000078 __ghs_enterblock_func
 .text            02002ce0 __ghs_flock_create
 .text            02002cf4 __ghs_flock_destroy
 .text            02002ca0 __ghs_flock_file
 .text            02001024 __ghs_flock_in_use
 .text            02002d08 __ghs_flock_ptr
 .text            02002cc8 __ghs_ftrylock_file
 .text            02002cb4 __ghs_funlock_file
 .text            020026e8 __ghs_ind_crt0
 .text            02003114 __ghs_ind_crt1
                  00000000 __ghs_manprf_init
                  00000000 __ghs_rambootcodeend
                  00000000 __ghs_rambootcodestart
                  02040000 __ghs_ramend
                  02000000 __ghs_ramstart
                  00000000 __ghs_rombootcodeend
                  00000000 __ghs_rombootcodestart
                  01200000 __ghs_romend
                  01000000 __ghs_romstart
 .text            02002f70 __ghs_syscall
 .fixaddr         02003294 __ghsbegin_fixaddr
 .fixtype         020032b4 __ghsbegin_fixtype
 .heap            02003d30 __ghsbegin_heap
 .picbase         02000000 __ghsbegin_picbase
 .pidbase         020034d0 __ghsbegin_pidbase
                  00000000 __ghsbegin_robase
 .secinfo         020034b8 __ghsbegin_secinfo
 .secinfo         020034d0 __ghsbinfo_aclear
 .secinfo         020034d0 __ghsbinfo_acopy
 .secinfo         020034b8 __ghsbinfo_clear
 .secinfo         020034d0 __ghsbinfo_comacopy
 .secinfo         020034d0 __ghsbinfo_comcopy
 .secinfo         020034d0 __ghsbinfo_comtcopy
 .secinfo         020034d0 __ghsbinfo_copy
 .secinfo         020034d0 __ghsbinfo_tcopy
 .text            020007d8 __ghscan
 .secinfo         020034d0 __ghseinfo_clear
 .secinfo         020034d0 __ghseinfo_comcopy
 .secinfo         020034d0 __ghseinfo_copy
 .fixaddr         020032b4 __ghsend_fixaddr
 .heap            0200b530 __ghsend_heap
 .stack           02012d30 __ghsend_stack
 .text            02001b08 __malloc_info
 .bss             020037fc __stdio_cleanup
 .text            0200325c __udiv10
 .text            0200326c __umod10
 .bss             02003800 _check_delete
 .text            02001608 _cleanup
 .text            02002e1c _enter
 .text            02002e3c _exit
 .text            02001414 _filbuf
 .text            02001324 _flsbuf
 .text            020018dc _free..trg.2Farm4.2Fobjs.2Flibs.2Flibansi.2Fccmalloc.
 .bss             020036bc _iob
 .bss             020038e4 _iob_lock
 .text            02001798 _malloc..trg.2Farm4.2Fobjs.2Flibs.2Flibansi.2Fccmalloc.
 .bss             0200368c _multiArgs
 .data            020034e4 _multibufSize
 .bss             0200393c _multibuffer
 .text            02000334 _multiend
 .text            0200034c _multiend2
 .text            02000000 _start
 .text            020004a4 at91_clock_close
 .text            020004e0 at91_clock_generator_mode
 .text            020004ee at91_clock_generator_state
 .text            020004d2 at91_clock_get_pll_status
 .text            020004ba at91_clock_get_status
 .text            0200048e at91_clock_open
 .text            02000454 at91_clock_set_mode
 .text            0200055c at91_default_error
 .text            02000526 at91_interrupt_disable
 .text            02000518 at91_interrupt_enable
 .text            020003b4 at91_pio_close
 .text            02000354 at91_pio_open
 .text            020003ea at91_pio_read
 .text            02000420 at91_pio_set_mode
 .text            020003c4 at91_pio_write
 .text            020004fc at91_power_mode
 .text            0200050a at91_trig_cmd
 .text            02001b84 atexit
 .text            020019fc calloc
 .text            020000d8 change_speed
 .text            02003048 close
 .text            02003020 creat
 .bss             02003938 environ
 .bss             02003934 errno
 .text            020023b0 fclose
 .text            020030bc fcntl
 .text            02001514 fflush
 .text            02001078 fgetc
 .text            02000f7c flockcreate
 .text            02000f94 flockdestroy
 .text            02000fc0 flockfile
 .text            02001adc free
 .text            02000614 fscanf
 .text            02001000 ftrylockfile
 .text            02000fe0 funlockfile
 .text            020012d8 getc
 .text            0200306c lseek
 .text            02000244 main
 .text            020019cc malloc
 .text            02001644 malloc_block_set..trg.2Farm4.2Fobjs.2Flibs.2Flibansi.2Fccmalloc.
 .text            0200168c malloc_get_heap..trg.2Farm4.2Fobjs.2Flibs.2Flibansi.2Fccmalloc.
 .text            020001c0 memcheck
 .text            020024a8 memcpy
 .text            020023f8 memset
 .text            02002fe4 open
 .text            02000f54 printf
 .text            020012a8 putc_unlocked
 .text            02002fbc read
 .text            02001a48 realloc
 .text            020030e8 remap
 .text            02002db0 sbrk
 .text            02000634 scanf
 .text            0200071c sscanf
 .text            0200073c stringgetc..trg.2Farm4.2Fobjs.2Flibs.2Flibansi.2Fccscanf.
 .text            0200076c stringungetc..trg.2Farm4.2Fobjs.2Flibs.2Flibansi.2Fccscanf.
 .text            020023e0 strlen
 .text            02001158 ungetc
 .text            02003098 unlink
 .text            02001c48 unsout..trg.2Farm4.2Fobjs.2Flibs.2Flibansi.2Fccvsprnt.
 .text            020006bc value_16..trg.2Farm4.2Fobjs.2Flibs.2Flibansi.2Fccscanf.
 .text            02001088 vfprintf
 .text            02000564 vfscanf
 .text            020005ec vscanf
 .text            02000794 vsscanf
 .data            020034d0 wait_desc
 .text            020000a8 wake_up_handler
 .text            02002f90 write
 .text            02000150 write_word

Load Map Mon Jan 25 16:23:47 2010
Global Cross Reference

ADC0_DESC          
ADC1_DESC          
DAC0_DESC          
DAC1_DESC          
DefaultSignalHandler libsys.a(ind_exit.o)    2002ef0
FIQ_DESC           
GetThreadLocalStorage libsys.a(ind_exit.o)    2002e84
                    libsys.a(ind_errn.o)    2002f14 2002f24
                    libsys.a(ind_crt1.o)    2003178
GlobalTLS           libsys.a(ind_thrd.o)    2002bf8 2002c18 2002c34
IRQ0_DESC          
IRQ1_DESC          
IRQ2_DESC          
IRQ3_DESC          
IRQ4_DESC          
IRQ5_DESC          
LedSpeed            main.o                  2000304
PIOA_DESC          
PIOB_DESC           main.o                  2000300
Pioa               
Piob               
RTC_DESC           
SPI_DESC           
TC0_DESC            main.o                  20034d0
TC1_DESC           
TC2_DESC           
TC3_DESC           
TC4_DESC           
TC5_DESC           
TCB0_DESC          
TCB1_DESC          
USART0_DESC        
USART1_DESC        
USART2_DESC        
__alt_init          libsys.a(ind_crt1.o)    20031d8 20035b8
__atexit_cleanup_func libansi.a(ccatexit.o)   2001b50 2001b60 2001b78 2001bf4
                    libansi.a(ccungetc.o)   20012a4
__cpp_exception_cleanup libsys.a(ind_exit.o)    2002e8c 200359c
__cpp_exception_init libsys.a(ind_crt1.o)    2003180 20035b0
__dotsyscall        crt0.o                  2000018
                    libsys.a(ind_call.o)    2002f7c
__get_eh_globals    libsys.a(ind_thrd.o)    2002c14
__gh_FOPEN_MAX      libansi.a(ccflsbuf.o)   200140c
                    libansi.a(ccfilbuf.o)   2001510
                    libansi.a(ccclnup.o)    2001640
__gh_errno_ptr      libsys.a(ind_errn.o)    2002f10 2002f20 2002f3c 2002f5c
__gh_error_init     libsys.a(ind_crt1.o)    2003158 20035a8
__gh_fclose         libansi.a(ccfclose.o)   2002314 2002320 2002330 2002338 2002348
                                            20023a4 20023c0
__gh_float_printf   libansi.a(ccvsprnt.o)   2002244 2002300
__gh_float_scanf    libansi.a(ccscanf.o)    2000d04 2000f4c
__gh_gchar          libansi.a(ccscanf.o)    2000688 2000840 20008c0 2000974 2000a20
                                            2000ae8 2000b1c 2000b48 2000c20 2000e20
__gh_get_errno      libsys.a(ind_errn.o)    2002f6c
__gh_hexout         libansi.a(ccvsprnt.o)   2001d1c 2001d24 200220c
__gh_iob_init       libsys.a(ind_iob.o)     2002da4
                    libsys.a(ind_crt1.o)    200314c 20035a4
__gh_lock_init      libsys.a(ind_thrd.o)    2002c70
                    libsys.a(ind_crt1.o)    2003140 20035a0
__gh_long_long_printf libansi.a(ccvsprnt.o)   20020d4 20022f8
__gh_octhex_finish  libansi.a(ccvsprnt.o)   2001cb8 2001cc8 2001cec 2002220
__gh_set_errno      libsys.a(ind_errn.o)    2002f4c
                    libansi.a(ccfscanf.o)   2000594
                    libansi.a(ccvprntf.o)   20010b0
                    libansi.a(ccungetc.o)   2001170 200119c
                    libansi.a(ccfflush.o)   2001544
                    libansi.a(ccfclose.o)   2002340
                    libsys.a(ind_heap.o)    2002dfc
                    libsys.a(ind_call.o)    2002f84
__gh_signal_init    libsys.a(ind_crt1.o)    2003168 20035ac
__gh_strout         libansi.a(ccvsprnt.o)   2001c90 2001ce4 2001d64 2001d94 2001dcc
                                            2001de4 2001df0 2001df4 2001e10 2001e14
                                            2001e30 2001e34 2001e50 2001e60 20022c8
__gh_uchar          libansi.a(ccscanf.o)    20006b8 2000bc4 2000f18
__gh_uns_long_long_printf libansi.a(ccvsprnt.o)   2002180 20022fc
__gh_vsprintf       libansi.a(ccvsprnt.o)   2001e98 2001ebc 2001ed0 2001ee4 2001ef4
                                            2001f00 2001f0c 2001f18 2001f28 2001f34
                                            2001f5c 2001f60 2001f68 2001f90 2001fa8
                                            2001fd0 2001fd4 2001fe4 2002008 2002010
                                            200201c 2002020 200202c 2002038 2002040
                                            2002058 20020b0 20020c8 20020d8 20020ec
                                            2002124 200213c 200215c 2002174 2002184
                                            2002198 20021bc 20021e0 20021fc 2002200
                                            2002224 200223c 2002248 200225c 200226c
                                            2002284 2002298 20022a0 20022bc 20022d8
                                            20022e8
                    libansi.a(ccvprntf.o)   20010f8
__gh_xxdecout       libansi.a(ccvsprnt.o)   2001c08 2001c24 2001c38 2001c44 2001c7c
__ghsArmBLR         libarch.a(indarch4.o)   2003290
                    libansi.a(ccscanf.o)    2000680 20006b0
                    libansi.a(ccatexit.o)   2001b48 2001b64
                    libansi.a(ccvsprnt.o)   2001ddc 2001e04 2001e24 2001e44 2001ec8
                    libansi.a(ccfclose.o)   2002374
                    libstartup.a(ind_crt0.o) 2002864 20028d8 2002954 2002a8c
                    libsys.a(ind_exit.o)    2002e64
__ghsINTERAat91_pio_read
__ghsLock           libsys.a(ind_thrd.o)    2002c48
                    libansi.a(ccmalloc.o)   20019dc 2001a14 2001a5c 2001aec
                    libansi.a(ccatexit.o)   2001b2c 2001b90
                    libansi.a(ccfclose.o)   20023b8
                    libsys.a(ind_heap.o)    2002dc4
                    libsys.a(ind_exit.o)    2002e50 2002ebc
__ghsUnlock         libsys.a(ind_thrd.o)    2002c5c
                    libansi.a(ccmalloc.o)   20019ec 2001a24 2001acc 2001afc
                    libansi.a(ccatexit.o)   2001b70 2001bc8 2001be0
                    libansi.a(ccfclose.o)   20023c8
                    libsys.a(ind_heap.o)    2002e00
                    libsys.a(ind_exit.o)    2002ec8
__ghs_GetThreadLocalStorageItem
__ghs_RestoreSignalContext libsys.a(ind_thrd.o)    2002c9c
__ghs_SaveSignalContext libsys.a(ind_thrd.o)    2002c88
__ghs_at_exit       libsys.a(ind_exit.o)    2002ed0
                    libansi.a(ccungetc.o)   2001204
                    libansi.a(ccatexit.o)   2001bac
__ghs_board_init    crt0.o                  200000c
__ghs_bsearch_16    libarch.a(indbsch2.o)   2003224 200323c 200324c 2003258
                    libansi.a(ccscanf.o)    20009ac
                    libansi.a(ccvsprnt.o)   2002080
__ghs_checksum      libstartup.a(ind_crt0.o) 2002ae4
__ghs_decompress    libstartup.a(ind_uzip.o) 2002b04 2002b30 2002b64 2002b6c 2002b84
                                            2002b88 2002b9c 2002bb0 2002bb8
                    libstartup.a(ind_crt0.o) 2002ad0
__ghs_enterblock_func crt0.o                  2000078
__ghs_flock_create  libsys.a(ind_thrd.o)    2002cf0
                    libansi.a(ccflock.o)    2000f88
__ghs_flock_destroy libsys.a(ind_thrd.o)    2002d04
                    libansi.a(ccflock.o)    2000fac
__ghs_flock_file    libsys.a(ind_thrd.o)    2002cb0
                    libansi.a(ccflock.o)    2000fd4
__ghs_flock_in_use  libansi.a(ccflock.o)    2001040 2001070
__ghs_flock_ptr     libsys.a(ind_iob.o)     2002d34
                    libansi.a(ccflock.o)    2000f80 2000f98 2000fc4 2000fe4 2001004
                                            200102c 2001054
__ghs_ftrylock_file libsys.a(ind_thrd.o)    2002cdc
                    libansi.a(ccflock.o)    2001018
__ghs_funlock_file  libsys.a(ind_thrd.o)    2002cc4
                    libansi.a(ccflock.o)    2000ff4
__ghs_ind_crt0      libstartup.a(ind_crt0.o) 20027b0 2002810 2002848 2002874 20028a4
                                            20028e8 2002920 2002964 20029ac 20029b0
                                            20029e0 20029e8 2002a08 2002a10 2002a20
                                            2002a40 2002a48 2002a70 2002a94
                    crt0.o                  200005c
__ghs_ind_crt1      libsys.a(ind_crt1.o)    2003174 20031f4
                    libstartup.a(ind_crt0.o) 2002a98
__ghs_manprf_init   libsys.a(ind_crt1.o)    200318c 20035b4
__ghs_rambootcodeend crt0.o                  200009c
__ghs_rambootcodestart crt0.o                  2000098
__ghs_ramend       
__ghs_ramstart     
__ghs_rombootcodeend crt0.o                  20000a4
__ghs_rombootcodestart crt0.o                  20000a0
__ghs_romend       
__ghs_romstart     
__ghs_syscall       libsys.a(ind_exit.o)    2002e30 2002e98
                    libsys.a(ind_io.o)      2002fac 2002fd8 200300c 2003038 200305c
                                            2003088 20030ac 20030d8 2003104
__ghsbegin_fixaddr  libstartup.a(ind_crt0.o) 2002ae0
__ghsbegin_fixtype  libstartup.a(ind_crt0.o) 2002ad8
__ghsbegin_heap     libsys.a(ind_heap.o)    2002e14
__ghsbegin_picbase  crt0.o                  200008c
                    libstartup.a(ind_crt0.o) 2002aa8
__ghsbegin_pidbase  crt0.o                  2000094
                    libstartup.a(ind_crt0.o) 2002ab0
__ghsbegin_robase   crt0.o                  2000090
                    libstartup.a(ind_crt0.o) 2002aac
__ghsbegin_secinfo  libstartup.a(ind_crt0.o) 2002aa4
__ghsbinfo_aclear  
__ghsbinfo_acopy   
__ghsbinfo_clear    libstartup.a(ind_crt0.o) 2002ab4
__ghsbinfo_comacopy
__ghsbinfo_comcopy  libstartup.a(ind_crt0.o) 2002ac8
__ghsbinfo_comtcopy libstartup.a(ind_crt0.o) 2002acc
__ghsbinfo_copy     libstartup.a(ind_crt0.o) 2002abc
__ghsbinfo_tcopy    libstartup.a(ind_crt0.o) 2002ac0
__ghscan            libansi.a(ccscanf.o)    20007c4 2000804 2000818 2000834 2000838
                                            200084c 200085c 200086c 2000878 2000898
                                            20008b0 20008c8 20008f0 2000904 2000918
                                            2000934 2000948 2000958 2000968 200096c
                                            2000980 2000990 20009c8 20009d0 20009d4
                                            20009dc 2000a04 2000a2c 2000a34 2000a54
                                            2000a6c 2000ac0 2000ad0 2000af4 2000b04
                                            2000b14 2000b2c 2000b3c 2000b58 2000b6c
                                            2000ba0 2000ba8 2000bb8 2000bcc 2000bf0
                                            2000bfc 2000c38 2000c44 2000c50 2000c68
                                            2000c7c 2000c90 2000ca0 2000cb8 2000cc0
                                            2000ce8 2000d0c 2000d14 2000d98 2000da0
                                            2000db4 2000dd4 2000ddc 2000df8 2000e0c
                                            2000e38 2000e48 2000e58 2000e68 2000e74
                                            2000e9c 2000ec4 2000ecc 2000efc 2000f0c
                                            2000f24 2000f3c
                    libansi.a(ccfscanf.o)   20005c8
__ghseinfo_clear    libstartup.a(ind_crt0.o) 2002ab8
__ghseinfo_comcopy  libstartup.a(ind_crt0.o) 2002ad4
__ghseinfo_copy     libstartup.a(ind_crt0.o) 2002ac4
__ghsend_fixaddr    libstartup.a(ind_crt0.o) 2002adc
__ghsend_heap       libsys.a(ind_heap.o)    2002e18
__ghsend_stack      crt0.o                  2000084
__malloc_info       libansi.a(ccmalloc.o)   2001b24
__stdio_cleanup     libansi.a(ccatexit.o)   2001b80
                    libansi.a(ccungetc.o)   200129c
__udiv10            libarch.a(indarchj.o)   2003268
__umod10            libarch.a(indarchj.o)   2003280
                    libansi.a(ccvsprnt.o)   2001c10
_check_delete       libansi.a(ccfclose.o)   20023a8
_cleanup            libansi.a(ccclnup.o)    2001610 2001630 2001638
                    libansi.a(ccungetc.o)   2001298
_enter              libsys.a(ind_exit.o)    2002e38
                    libsys.a(ind_crt1.o)    2003134
_exit               libsys.a(ind_exit.o)    2002e5c 2002e70 2002e80 2002e9c 2002ee8
                    libsys.a(ind_crt1.o)    20031ec
_filbuf             libansi.a(ccfilbuf.o)   2001428 200143c 2001454 200146c 200148c
                                            20014c0 20014d4 2001508
                    libansi.a(ccgetc.o)     2001308
_flsbuf             libansi.a(ccflsbuf.o)   200133c 2001350 200135c 2001380 20013c8
                                            20013cc 20013ec 20013f4 2001404
                    libansi.a(ccputcu.o)    20012cc
_free..trg.2Farm4.2Fobjs.2Flibs.2Flibansi.2Fccmalloc.
_iob                libsys.a(ind_iob.o)     2002d38 2002da8
                    libansi.a(ccfscanf.o)   2000610 200065c
                    libansi.a(ccprintf.o)   2000f78
                    libansi.a(ccflock.o)    2001074
                    libansi.a(ccflsbuf.o)   2001408
                    libansi.a(ccfilbuf.o)   200150c
                    libansi.a(ccclnup.o)    200163c
_iob_lock           libsys.a(ind_iob.o)     2002d3c
_malloc..trg.2Farm4.2Fobjs.2Flibs.2Flibansi.2Fccmalloc.
_multiArgs         
_multibufSize      
_multibuffer       
_multiend           libmulti.a              2000348
_multiend2         
_start             
at91_clock_close    m55800_lib16.a(lib_pio.o) 2000414
at91_clock_generator_mode
at91_clock_generator_state
at91_clock_get_pll_status
at91_clock_get_status m55800_lib16.a(lib_pio.o) 20003f0
at91_clock_open     m55800_lib16.a(lib_pio.o) 20003fa
at91_clock_set_mode
at91_default_error  m55800_lib16.a(lib_apmc55800.o) 2000484
at91_interrupt_disable
at91_interrupt_enable
at91_pio_close     
at91_pio_open      
at91_pio_read       m55800_lib16.a(lib_pio.o) 20003e0
                    main.o                  20000e0
at91_pio_set_mode  
at91_pio_write     
at91_power_mode    
at91_trig_cmd      
atexit              libansi.a(ccatexit.o)   2001bc0 2001bd0 2001bdc 2001bec
calloc              libansi.a(ccmalloc.o)   2001a44
change_speed        main.o                  200014c
close               libansi.a(ccfclose.o)   2002358
creat              
environ             libsys.a(ind_crt1.o)    20031fc
errno               libsys.a(ind_errn.o)    2002f28
fclose              libansi.a(ccfclose.o)   20023dc
                    libansi.a(ccclnup.o)    200161c
fcntl              
fflush              libansi.a(ccfflush.o)   2001530 200153c 200154c 2001554 2001560
                                            20015b0 20015bc 2001604
                    libansi.a(ccvprntf.o)   2001110
                    libansi.a(ccflsbuf.o)   20013d4
                    libansi.a(ccfclose.o)   2002328
fgetc               libansi.a(ccfgetc.o)    2001084
                    libansi.a(ccfscanf.o)   20005e8
flockcreate         libansi.a(ccflock.o)    2000f90
                    libsys.a(ind_iob.o)     2002d8c 2002d94 2002d9c
flockdestroy        libansi.a(ccflock.o)    2000fa8 2000fbc
                    libansi.a(ccfclose.o)   20023d0
flockfile           libansi.a(ccflock.o)    2000fdc
                    libansi.a(ccfscanf.o)   2000580
                    libansi.a(ccvprntf.o)   200109c
                    libansi.a(ccungetc.o)   2001184
                    libansi.a(ccgetc.o)     20012e0
                    libansi.a(ccfflush.o)   200151c
free                libansi.a(ccmalloc.o)   2001b04
fscanf              libansi.a(ccfscanf.o)   2000630
ftrylockfile        libansi.a(ccflock.o)    2001020
funlockfile         libansi.a(ccflock.o)    2000ffc
                    libansi.a(ccfscanf.o)   20005d4
                    libansi.a(ccvprntf.o)   2001140
                    libansi.a(ccungetc.o)   2001288
                    libansi.a(ccgetc.o)     2001314
                    libansi.a(ccfflush.o)   20015f8
getc                libansi.a(ccgetc.o)     2001300 2001320
                    libansi.a(ccfgetc.o)    200107c
lseek               libansi.a(ccflsbuf.o)   20013a0
                    libansi.a(ccfflush.o)   200157c
main                main.o                  20002fc
                    libsys.a(ind_crt1.o)    20031e8
malloc              libansi.a(ccmalloc.o)   20019f8
                    libansi.a(ccungetc.o)   20011c8
malloc_block_set..trg.2Farm4.2Fobjs.2Flibs.2Flibansi.2Fccmalloc.
malloc_get_heap..trg.2Farm4.2Fobjs.2Flibs.2Flibansi.2Fccmalloc.
memcheck            main.o                  2000240 20002b0
memcpy              libstartup.a(ind_mcpy.o) 20026e4
                    libansi.a(ccmalloc.o)   2001abc
                    libstartup.a(ind_crt0.o) 2002aa0
memset              libstartup.a(ind_mset.o) 2002408 2002478 2002494 20024a4
                    libansi.a(ccscanf.o)    2000d84
                    libansi.a(ccmalloc.o)   2001a38
                    libansi.a(ccfclose.o)   2002384
                    libstartup.a(ind_crt0.o) 2002a9c
open               
printf              libansi.a(ccprintf.o)   2000f74
                    main.o                  200025c 2000284 20002c8 20002e0 20002ec
putc_unlocked       libansi.a(ccputcu.o)    20012d4
                    libansi.a(ccvprntf.o)   2001154
read                libansi.a(ccfilbuf.o)   2001488 200149c
realloc             libansi.a(ccmalloc.o)   2001a70 2001a8c 2001a98 2001aa8 2001ad8
remap              
sbrk                libsys.a(ind_heap.o)    2002e0c
                    libansi.a(ccmalloc.o)   20016d8 20016f8
scanf               libansi.a(ccfscanf.o)   2000658
                    main.o                  2000268 2000290
sscanf              libansi.a(ccscanf.o)    2000738
stringgetc..trg.2Farm4.2Fobjs.2Flibs.2Flibansi.2Fccscanf.
stringungetc..trg.2Farm4.2Fobjs.2Flibs.2Flibansi.2Fccscanf.
strlen              libansi.a(ccstrlen.o)   20023f4
                    libansi.a(ccvsprnt.o)   2001d54
ungetc              libansi.a(ccungetc.o)   2001168 2001178 2001194 20011a0 20011b4
                                            20011c0 20011d4 2001220 200122c 2001254
                                            2001294
                    libansi.a(ccfscanf.o)   20005e4
unlink             
unsout..trg.2Farm4.2Fobjs.2Flibs.2Flibansi.2Fccvsprnt.
value_16..trg.2Farm4.2Fobjs.2Flibs.2Flibansi.2Fccscanf.
vfprintf            libansi.a(ccvprntf.o)   20010a8 20010b4 2001108 2001128 2001134
                                            2001150
                    libansi.a(ccprintf.o)   2000f6c
vfscanf             libansi.a(ccfscanf.o)   200058c 200059c 20005e0 2000604 2000628
                                            2000650
vscanf              libansi.a(ccfscanf.o)   200060c
vsscanf             libansi.a(ccscanf.o)    2000730 20007cc
wait_desc           wait_irq.o              20000d4
wake_up_handler     main.o                  20034e0
write               libansi.a(ccflsbuf.o)   20013b0
                    libansi.a(ccfflush.o)   20015a4
write_word          main.o                  20001bc 2000210
